// Copyright 2020 The Chromium Authors
// Use of this source code is governed by a BSD-style license that can be
// found in the LICENSE file.

// This is a generated file. Do not edit it! It was generated by:
//   foobar

#ifndef GEN_CHROME_BROWSER_UNEXPIRE_FLAGS_GEN_H_
#define GEN_CHROME_BROWSER_UNEXPIRE_FLAGS_GEN_H_

namespace flags {

BASE_DECLARE_FEATURE(kUnexpireFlagsM122);
BASE_DECLARE_FEATURE(kUnexpireFlagsM123);

// Returns the base::Feature used to decide whether flag expiration is enabled
// for a given milestone, if there is such a feature. If not, returns nullptr.
const base::Feature* GetUnexpireFeatureForMilestone(int milestone);

}  // namespace flags

#endif  // GEN_CHROME_BROWSER_UNEXPIRE_FLAGS_GEN_H_
