git_revision=abc123
gn_args=var1=true var2="foo"
linker_name=gold
map_file_name=../../../test.map
tool_prefix=tools/binary_size/libsupersize/testdata/mock_toolchain/
Section .text: has 0.2% of 83792 bytes accounted for from 16 symbols. 35898456 bytes are unaccounted for.
* Padding accounts for 13808 bytes (16.5%)
* 14 have source paths. Accounts for 74034 bytes (88.4%).
* 14 have a component assigned. Accounts for 74034 bytes (88.4%).
* 4 placeholders exist (symbols that start with **). Accounts for 13840 bytes (16.5%).
* 0 symbols have shared ownership.
* 1 symbols are marked as "hot". Accounts for 12 bytes (0.0%).
* 1 symbols are marked as "unlikely". Accounts for 69124 bytes (82.5%).
* 4 symbols are marked as "startup". Accounts for 128 bytes (0.2%).
* 2 symbols are clones. Accounts for 106 bytes (0.1%).
* 3 symbols are from generated sources. Accounts for 69600 bytes (83.1%).
Section .rodata: has 44.6% of 2641540 bytes accounted for from 9 symbols. 3286112 bytes are unaccounted for.
* Padding accounts for 2637935 bytes (99.9%)
* 5 have source paths. Accounts for 676128 bytes (25.6%).
* 5 have a component assigned. Accounts for 676128 bytes (25.6%).
* 4 placeholders exist (symbols that start with **). Accounts for 1965412 bytes (74.4%).
* 0 string literals exist. Accounts for 0 bytes (0.0%) padding is 0 bytes.
* 0 symbols have shared ownership.
Large padding of 675992 between:
  A) .rodata@284e398(size_without_padding=32,padding=0,full_name=chrome::mojom::FilePatcher::Name_,object_path=third_party/sub/ContiguousContainer.o,source_path=third_party/container/container.c,flags={},num_aliases=1,component=UI>Browser)
  B) .rodata@28f3450(size_without_padding=48,padding=675992,full_name=kAnimationFrameTimeHistogramClassPath,object_path=third_party/sub/PaintChunker.o,source_path=third_party/paint.cc,flags={anon},num_aliases=1,component=Internal>Android)
Section .data.rel.ro: has 0.0% of 92 bytes accounted for from 3 symbols. 1065132 bytes are unaccounted for.
* Padding accounts for 0 bytes (0.0%)
* 3 have source paths. Accounts for 92 bytes (100.0%).
* 3 have a component assigned. Accounts for 92 bytes (100.0%).
* 0 symbols have shared ownership.
Section .data: has 0.2% of 168 bytes accounted for from 5 symbols. 101600 bytes are unaccounted for.
* Padding accounts for 0 bytes (0.0%)
* 5 have source paths. Accounts for 168 bytes (100.0%).
* 5 have a component assigned. Accounts for 168 bytes (100.0%).
* 0 symbols have shared ownership.
Section .bss: has 40.3% of 524520 bytes accounted for from 6 symbols. 775936 bytes are unaccounted for.
* Padding accounts for 196 bytes (0.0%)
* 6 have source paths. Accounts for 524520 bytes (100.0%).
* 6 have a component assigned. Accounts for 524520 bytes (100.0%).
* 0 symbols have shared ownership.
* 3 symbols are from generated sources. Accounts for 232 bytes (0.0%).
Section .dex: 0 bytes from 0 symbols.
* Padding accounts for 0 bytes (0.0%)
* 0 have source paths. Accounts for 0 bytes (0.0%).
* 0 have a component assigned. Accounts for 0 bytes (0.0%).
* 0 symbols have shared ownership.
Section .dex.method: 0 bytes from 0 symbols.
* Padding accounts for 0 bytes (0.0%)
* 0 have source paths. Accounts for 0 bytes (0.0%).
* 0 have a component assigned. Accounts for 0 bytes (0.0%).
* 0 symbols have shared ownership.
Section .pak.translations: 0 bytes from 0 symbols.
* Padding accounts for 0 bytes (0.0%)
* 0 have source paths. Accounts for 0 bytes (0.0%).
* 0 have a component assigned. Accounts for 0 bytes (0.0%).
* 0 symbols have shared ownership.
Section .pak.nontranslated: 0 bytes from 0 symbols.
* Padding accounts for 0 bytes (0.0%)
* 0 have source paths. Accounts for 0 bytes (0.0%).
* 0 have a component assigned. Accounts for 0 bytes (0.0%).
* 0 symbols have shared ownership.
Section .other: 0 bytes from 0 symbols.
* Padding accounts for 0 bytes (0.0%)
* 0 have source paths. Accounts for 0 bytes (0.0%).
* 0 have a component assigned. Accounts for 0 bytes (0.0%).
* 0 symbols have shared ownership.
.text@28d900(size_without_padding=16,padding=0,full_name=_GLOBAL__sub_I_page_allocator.cc,object_path=base/base/page_allocator.o,source_path=base/page_allocator.cc,flags={startup},num_aliases=1,component=Blink>Internal)
.text@28d910(size_without_padding=56,padding=0,full_name=_GLOBAL__sub_I_bbr_sender.cc,object_path=base/base/page_allocator.o,source_path=base/page_allocator.cc,flags={startup},num_aliases=1,component=Blink>Internal)
.text@28d948(size_without_padding=28,padding=0,full_name=_GLOBAL__sub_I_pacing_sender.cc,object_path=base/base/page_allocator.o,source_path=base/page_allocator.cc,flags={startup},num_aliases=1,component=Blink>Internal)
.text@28d964(size_without_padding=38,padding=0,full_name=extFromUUseMapping(signed char, unsigned int, int),object_path=base/base/page_allocator.o,source_path=base/page_allocator.cc,flags={},num_aliases=1,component=Blink>Internal)
.text@28d98a(size_without_padding=32,padding=0,full_name=extFromUUseMapping(aj, int),object_path=base/base/page_allocator.o,source_path=base/page_allocator.cc,flags={},num_aliases=1,component=Blink>Internal)
.text@28f000(size_without_padding=0,padding=5718,full_name=** symbol gap 0,object_path=,source_path=,flags={},num_aliases=1,component=)
.text@28f000(size_without_padding=448,padding=0,full_name=ucnv_extMatchFromU(int const*, int, unsigned short const*, int, unsigned short const*, int, unsigned int*, signed char, signed char),object_path=third_party/icu/icuuc/ucnv_ext.o,source_path=third_party/icu/ucnv_ext.c,flags={gen},num_aliases=1,component=Internal>Android)
.text@28f1c8(size_without_padding=20,padding=8,full_name=_GLOBAL__sub_I_SkDeviceProfile.cpp,object_path=third_party/icu/icuuc/ucnv_ext.o,source_path=third_party/icu/ucnv_ext.c,flags={startup,gen},num_aliases=1,component=Internal>Android)
.text@28f1e0(size_without_padding=69120,padding=4,full_name=foo_bar,object_path=third_party/icu/icuuc/ucnv_ext.o,source_path=third_party/icu/ucnv_ext.c,flags={unlikely,gen},num_aliases=1,component=Internal>Android)
.text@2a0000(size_without_padding=16,padding=32,full_name=blink::ContiguousContainerBase::shrinkToFit(),object_path=third_party/sub/PaintChunker.o,source_path=third_party/paint.cc,flags={},num_aliases=1,component=Internal>Android)
.text@2a0010(size_without_padding=12,padding=0,full_name=blink::ContiguousContainerBase::shrinkToFit(),object_path=third_party/sub/PaintChunker.o,source_path=third_party/paint.cc,flags={clone,hot},num_aliases=1,component=Internal>Android)
.text@2a0020(size_without_padding=24,padding=4,full_name=blink::ContiguousContainerBase::ContiguousContainerBase(blink::ContiguousContainerBase&&),object_path=third_party/sub/ContiguousContainer.o,source_path=third_party/container/container.c,flags={},num_aliases=1,component=UI>Browser)
.text@2a1000(size_without_padding=0,padding=4040,full_name=** symbol gap 1,object_path=,source_path=,flags={},num_aliases=1,component=)
.text@2a1000(size_without_padding=94,padding=0,full_name=blink::PaintChunker::releasePaintChunks(),object_path=third_party/sub/ContiguousContainer.o,source_path=third_party/container/container.c,flags={anon,clone},num_aliases=1,component=UI>Browser)
.text@2a2000(size_without_padding=32,padding=4002,full_name=** outlined function,object_path=third_party/sub/ContiguousContainer.o,source_path=third_party/container/container.c,flags={},num_aliases=1,component=UI>Browser)
.text@2a2020(size_without_padding=48,padding=0,full_name=** outlined function,object_path=third_party/sub/ContiguousContainer.o,source_path=third_party/container/container.c,flags={},num_aliases=1,component=UI>Browser)
.rodata@266e600(size_without_padding=32,padding=0,full_name=** merge strings,object_path=,source_path=,flags={},num_aliases=1,component=)
.rodata@266e630(size_without_padding=16,padding=16,full_name=** merge strings,object_path=,source_path=,flags={},num_aliases=1,component=)
.rodata@284d600(size_without_padding=3425,padding=1961920,full_name=** merge constants,object_path=,source_path=,flags={},num_aliases=1,component=)
.rodata@284e364(size_without_padding=0,padding=3,full_name=** symbol gap 0,object_path=,source_path=,flags={},num_aliases=1,component=)
.rodata@284e364(size_without_padding=8,padding=0,full_name=,object_path=base/base/page_allocator.o,source_path=base/page_allocator.cc,flags={},num_aliases=1,component=Blink>Internal)
.rodata@284e370(size_without_padding=40,padding=4,full_name=Name,object_path=base/base/page_allocator.o,source_path=base/page_allocator.cc,flags={},num_aliases=1,component=Blink>Internal)
.rodata@284e398(size_without_padding=32,padding=0,full_name=chrome::mojom::FilePatcher::Name_,object_path=third_party/sub/ContiguousContainer.o,source_path=third_party/container/container.c,flags={},num_aliases=1,component=UI>Browser)
.rodata@28f3450(size_without_padding=48,padding=675992,full_name=kAnimationFrameTimeHistogramClassPath,object_path=third_party/sub/PaintChunker.o,source_path=third_party/paint.cc,flags={anon},num_aliases=1,component=Internal>Android)
.rodata@28f3480(size_without_padding=4,padding=0,full_name=blink::CSSValueKeywordsHash::findValueImpl(char const*, unsigned int)::value_word_list,object_path=third_party/sub/PaintChunker.o,source_path=third_party/paint.cc,flags={anon},num_aliases=1,component=Internal>Android)
.data.rel.ro.local@2c176f0(size_without_padding=56,padding=0,full_name=ChromeMainDelegate [vtable],object_path=third_party/icu/icuuc/ucnv_ext.o,source_path=third_party/icu/ucnv_ext.c,flags={gen},num_aliases=1,component=Internal>Android)
.data.rel.ro.local@2c17728(size_without_padding=24,padding=0,full_name=chrome::mojom::FieldTrialRecorder [vtable],object_path=third_party/icu/icuuc/ucnv_ext.o,source_path=third_party/icu/ucnv_ext.c,flags={gen},num_aliases=1,component=Internal>Android)
.data.rel.ro.local@2c17740(size_without_padding=789904,padding=0,full_name=chrome::mojom::FieldTrialRecorderProxy [vtable],object_path=third_party/sub/ContiguousContainer.o,source_path=third_party/container/container.c,flags={},num_aliases=1,component=UI>Browser)
.data.rel.ro.local@2cd84e0(size_without_padding=16,padding=16,full_name=.Lswitch.table.45,object_path=third_party/gvr-android-sdk/libgvr_shim_static_arm.a/libcontroller_api_impl.a_controller_api_impl.o,source_path=,flags={},num_aliases=1,component=)
.data.rel.ro.local@2cd84f0(size_without_padding=8,padding=0,full_name=kSystemClassPrefixes,object_path=third_party/gvr-android-sdk/libgvr_shim_static_arm.a/libport_android_jni.a_jni_utils.o,source_path=,flags={anon},num_aliases=1,component=)
.data.rel.ro@2cd8500(size_without_padding=56,padding=0,full_name=ChromeMainDelegateAndroid [vtable],object_path=third_party/sub/PaintChunker.o,source_path=third_party/paint.cc,flags={},num_aliases=1,component=Internal>Android)
.data.rel.ro@2cd8538(size_without_padding=24,padding=0,full_name=mojo::MessageReceiver [vtable],object_path=base/base/page_allocator.o,source_path=base/page_allocator.cc,flags={},num_aliases=1,component=Blink>Internal)
.data.rel.ro@2cd8550(size_without_padding=12,padding=0,full_name=kMethodsAnimationFrameTimeHistogram,object_path=base/base/page_allocator.o,source_path=base/page_allocator.cc,flags={},num_aliases=1,component=Blink>Internal)
.data@2de7000(size_without_padding=4,padding=0,full_name=google::protobuf::internal::pLinuxKernelCmpxchg,object_path=base/base/page_allocator.o,source_path=base/page_allocator.cc,flags={},num_aliases=1,component=Blink>Internal)
.data@2de7004(size_without_padding=4,padding=0,full_name=google::protobuf::internal::pLinuxKernelMemoryBarrier,object_path=third_party/sub/ContiguousContainer.o,source_path=third_party/container/container.c,flags={},num_aliases=1,component=UI>Browser)
.data@2de7008(size_without_padding=152,padding=0,full_name=base::android::kBaseRegisteredMethods,object_path=third_party/sub/ContiguousContainer.o,source_path=third_party/container/container.c,flags={rel},num_aliases=1,component=UI>Browser)
.data@2de70a0(size_without_padding=4,padding=0,full_name=base::android::g_renderer_histogram_code,object_path=third_party/sub/ContiguousContainer.o,source_path=third_party/container/container.c,flags={anon},num_aliases=1,component=UI>Browser)
.data@2de70a4(size_without_padding=4,padding=0,full_name=base::android::g_library_version_number,object_path=third_party/sub/ContiguousContainer.o,source_path=third_party/container/container.c,flags={anon,rel.loc},num_aliases=1,component=UI>Browser)
.bss@0(size_without_padding=262144,padding=0,full_name=ff_cos_131072,object_path=third_party/ffmpeg/libffmpeg_internal.a/fft_float.o,source_path=third_party/fft_float.cc,flags={},num_aliases=1,component=Internal>Android)
.bss@0(size_without_padding=131072,padding=0,full_name=ff_cos_131072_fixed,object_path=third_party/ffmpeg/libffmpeg_internal.a/fft_fixed.o,source_path=third_party/fft_fixed.cc,flags={},num_aliases=1,component=Internal>Android)
.bss@0(size_without_padding=131072,padding=0,full_name=ff_cos_65536,object_path=third_party/ffmpeg/libffmpeg_internal.a/fft_float.o,source_path=third_party/fft_float.cc,flags={},num_aliases=1,component=Internal>Android)
.bss@2dffda0(size_without_padding=28,padding=0,full_name=g_chrome_content_browser_client,object_path=third_party/icu/icuuc/ucnv_ext.o,source_path=third_party/icu/ucnv_ext.c,flags={gen},num_aliases=1,component=Internal>Android)
.bss@2dffe80(size_without_padding=4,padding=196,full_name=SaveHistogram(_JNIEnv*, base::android::JavaParamRef<_jobject*> const&, base::android::JavaParamRef<_jstring*> const&, base::android::JavaParamRef<_jlongArray*> const&, int)::atomic_histogram_pointer,object_path=third_party/icu/icuuc/ucnv_ext.o,source_path=third_party/icu/ucnv_ext.c,flags={gen},num_aliases=1,component=Internal>Android)
.bss@2dffe84(size_without_padding=4,padding=0,full_name=g_AnimationFrameTimeHistogram_clazz,object_path=third_party/icu/icuuc/ucnv_ext.o,source_path=third_party/icu/ucnv_ext.c,flags={anon,gen},num_aliases=1,component=Internal>Android)
