Name,Size
.bss,1300456
.data,101768
.data.rel.ro,1065224
.data.rel.ro.local,790024
.other,90351129
.rel.dyn,2655384
.rodata,5927652
.strtab,34841854
.symtab,17166112
.text,35982248

GroupCount,Address,SizeWithoutPadding,Padding,NumAliases,PSS,Section,Name
,0x28d900,16,0,1,16.0,t,_GLOBAL__sub_I_page_allocator.cc
,0x28d910,56,0,2,28.0,t,_GLOBAL__sub_I_bbr_sender.cc
,0x28d910,56,0,2,28.0,t,_GLOBAL__sub_I_bbr_sender.cc
,0x28d948,28,0,1,28.0,t,_GLOBAL__sub_I_pacing_sender.cc
,0x28d964,38,0,1,38.0,t,extFromUUseMapping
,0x28d98a,32,0,1,32.0,t,extFromUUseMapping
2,,0,9758,1,9758.0,t,** symbol gaps
,0x28f000,448,0,1,448.0,t,ucnv_extMatchFromU
,0x28f1c8,20,8,1,28.0,t,_GLOBAL__sub_I_SkDeviceProfile.cpp
,0x28f1e0,69120,4,1,69124.0,t,foo_bar
,0x2a0000,16,32,2,24.0,t,BazAlias
,0x2a0000,16,32,2,24.0,t,blink::ContiguousContainerBase::shrinkToFit
,0x2a0010,12,0,4,3.0,t,BarAlias
,0x2a0010,12,0,4,3.0,t,FooAlias
,0x2a0010,12,0,4,3.0,t,blink::ContiguousContainerBase::shrinkToFit
,0x2a0010,12,0,4,3.0,t,blink::ContiguousContainerBase::shrinkToFit
,0x2a0020,24,4,1,28.0,t,blink::ContiguousContainerBase::ContiguousContainerBase
,0x2a1000,94,0,1,94.0,t,blink::PaintChunker::releasePaintChunks
,0x2a2000,32,4002,1,4034.0,t,** outlined function
,0x2a2020,48,0,2,24.0,t,aliasedWithOutlinedFunction
,0x2a2020,48,0,2,24.0,t,** outlined function * 2
,0x2a2050,35898456,0,1,35898456.0,t,** .text (unattributed)
,0x266e600,5,0,2,2.5,r,"""Str1"""
,0x266e600,5,0,2,2.5,r,"""Str1"""
,0x266e605,16,0,1,16.0,r,"""String literal2"""
,0x266e630,16,27,1,43.0,r,** merge strings
,0x284d600,3425,1961920,1,1965345.0,r,** merge constants
,0x284e364,0,3,1,3.0,r,** symbol gap 0
,0x284e364,8,0,1,8.0,r,
,0x284e370,40,4,1,44.0,r,Name
,0x284e398,32,0,1,32.0,r,chrome::mojom::FilePatcher::Name_
,0x28f3450,48,675992,1,676040.0,r,kAnimationFrameTimeHistogramClassPath
,0x28f3480,4,0,1,4.0,r,blink::CSSValueKeywordsHash::findValueImpl::value_word_list
,0x28f3484,3286096,0,1,3286096.0,r,** .rodata (unattributed)
,0x2c176f0,56,0,1,56.0,R,ChromeMainDelegate [vtable]
,0x2c17728,24,0,1,24.0,R,chrome::mojom::FieldTrialRecorder [vtable]
,0x2c17740,789904,0,1,789904.0,R,chrome::mojom::FieldTrialRecorderProxy [vtable]
,0x2cd84e0,16,16,1,32.0,R,.Lswitch.table.45
,0x2cd84f0,8,0,1,8.0,R,kSystemClassPrefixes
,0x2cd8500,56,0,1,56.0,R,ChromeMainDelegateAndroid [vtable]
,0x2cd8538,24,0,1,24.0,R,mojo::MessageReceiver [vtable]
,0x2cd8550,12,0,1,12.0,R,kMethodsAnimationFrameTimeHistogram
,0x2cd855c,1065132,0,1,1065132.0,R,** .data.rel.ro (unattributed)
,0x2de7000,4,0,1,4.0,d,google::protobuf::internal::pLinuxKernelCmpxchg
,0x2de7004,4,0,1,4.0,d,google::protobuf::internal::pLinuxKernelMemoryBarrier
,0x2de7008,152,0,1,152.0,d,base::android::kBaseRegisteredMethods
,0x2de70a0,4,0,1,4.0,d,base::android::g_renderer_histogram_code
,0x2de70a4,4,0,1,4.0,d,base::android::g_library_version_number
,0x2de70a8,101600,0,1,101600.0,d,** .data (unattributed)
,0x0,262144,0,1,262144.0,b,ff_cos_131072
,0x0,131072,0,1,131072.0,b,ff_cos_131072_fixed
,0x0,131072,0,1,131072.0,b,ff_cos_65536
,0x2dffda0,28,0,1,28.0,b,g_chrome_content_browser_client
,0x2dffe80,4,196,1,200.0,b,SaveHistogram::atomic_histogram_pointer
,0x2dffe84,4,0,1,4.0,b,g_AnimationFrameTimeHistogram_clazz
,0x0,60,0,1,60.0,o,** ELF Section: .ARM.attributes
,0x0,1536456,0,1,1536456.0,o,** ELF Section: .ARM.exidx
,0x0,183632,0,1,183632.0,o,** ELF Section: .ARM.extab
,0x0,304,0,1,304.0,o,** ELF Section: .dynamic
,0x0,4025,0,1,4025.0,o,** ELF Section: .dynstr
,0x0,6496,0,1,6496.0,o,** ELF Section: .dynsym
,0x0,8,0,1,8.0,o,** ELF Section: .fini_array
,0x0,812,0,1,812.0,o,** ELF Section: .gnu.version
,0x0,28,0,1,28.0,o,** ELF Section: .gnu.version_d
,0x0,96,0,1,96.0,o,** ELF Section: .gnu.version_r
,0x0,42956,0,1,42956.0,o,** ELF Section: .got
,0x0,2684,0,1,2684.0,o,** ELF Section: .hash
,0x0,8,0,1,8.0,o,** ELF Section: .init_array
,0x0,19,0,1,19.0,o,** ELF Section: .interp
,0x0,36,0,1,36.0,o,** ELF Section: .note.gnu.build-id
,0x0,28,0,1,28.0,o,** ELF Section: .note.gnu.gold-version
,0x0,4244,0,1,4244.0,o,** ELF Section: .plt
,0x0,2655384,0,1,2655384.0,o,** ELF Section: .rel.dyn
,0x0,2816,0,1,2816.0,o,** ELF Section: .rel.plt
,0x0,436,0,1,436.0,o,** ELF Section: .shstrtab
,0x0,34841854,0,1,34841854.0,o,** ELF Section: .strtab
,0x0,17166112,0,1,17166112.0,o,** ELF Section: .symtab
,0x0,0,33902635,1,33902635.0,o,Overhead: ELF file
