Common Metadata:
    elf_algorithm=linker_map
    elf_arch=arm
    elf_build_id=WhatAnAmazingBuildId
    elf_file_name=elf
    elf_mtime={redacted}
    elf_relocations_count=394087
    git_revision=abc123
    gn_args=var1=true var2="foo"
    map_file_name=../../../test.map
    out_directory=out/Release
Old Metadata:
New Metadata:

Section Sizes (Total=0 bytes (0 bytes)):
    .bss: 0 bytes (0 bytes) (not included in totals)
    .data: 0 bytes (0 bytes) (0.0%)
    .data.rel.ro: 0 bytes (0 bytes) (0.0%)
    .data.rel.ro.local: 0 bytes (0 bytes) (0.0%)
    .other: 0 bytes (0 bytes) (0.0%)
    .rel.dyn: 0 bytes (0 bytes) (0.0%) (counted in .other)
    .rodata: 0 bytes (0 bytes) (0.0%)
    .text: 0 bytes (0 bytes) (0.0%)

0 symbols added (+), 0 changed (~), 0 removed (-), 78 unchanged (not shown)
Added/Removed by section: 
Of changed symbols, 0 grew, 0 shrank
Number of unique symbols 72 -> 72 (+0)
0 paths added, 0 removed, 0 changed

Showing 0 symbols (0 -> 0 unique) with total pss: 0 bytes
Sizes: .text=0 bytes    .rodata=0 bytes    .data.rel.ro=0 bytes    .data=0 bytes    .bss=0 bytes    .other=0 bytes    total=0 bytes
Counts: .text=0 .rodata=0 .data.rel.ro=0 .data=0 .bss=0 .other=0
Number of unique paths: 0

Section Legend: t=.text, r=.rodata, R=.data.rel.ro, d=.data, b=.bss, o=.other
Index | Running Total | Section@Address | Δ PSS (Δ size_without_padding) | Path
------------------------------------------------------------
