******** section_sizes ********
.ARM.extab               @8b02ec   24100
.data.rel.ro             @3255000  2430180
.rodata                  @23dd00   6759914
.text                    @8b6140   43636188

******** raw_symbols ********
.rodata@23dd00(size_without_padding=4,padding=0,full_name=v8_Default_embedded_blob_size_,object_path=obj/v8/v8_external_snapshot/embedded.o,source_path=,flags={},num_aliases=1,component=)
.rodata@23dd08(size_without_padding=8,padding=0,full_name=CRASHPAD_NOTE_REFERENCE,object_path=obj/third_party/crashpad/crashpad/client/libclient.a(client/crashpad_info_note.o),source_path=,flags={},num_aliases=1,component=)
.rodata@23dd10(size_without_padding=16,padding=0,full_name=pmmp,object_path=obj/third_party/ffmpeg/libffmpeg_internal.a(ffmpeg_internal/fft_neon.o),source_path=,flags={},num_aliases=1,component=)
.rodata@23dd20(size_without_padding=16,padding=0,full_name=mppm,object_path=obj/third_party/ffmpeg/libffmpeg_internal.a(ffmpeg_internal/fft_neon.o),source_path=,flags={},num_aliases=1,component=)
.rodata@23dd30(size_without_padding=3007385,padding=0,full_name=** lld merge strings,object_path=,source_path=,flags={},num_aliases=1,component=)
.rodata@51c0cc(size_without_padding=4,padding=0,full_name=__emutls_t._ZL16g_current_locale,object_path=../../third_party/android_ndk/sources/cxx-stl/llvm-libc++/libs/armeabi-v7a/libandroid_support.a(locale.o),source_path=,flags={},num_aliases=1,component=)
.rodata@51d2a0(size_without_padding=1,padding=0,full_name=__typeid__ZTSN7content19WebContentsObserverE_byte_array,object_path=,source_path=,flags={},num_aliases=1,component=)
.rodata@52b7f9(size_without_padding=3404,padding=0,full_name=__typeid__ZTSN4base16SupportsUserData4DataE_byte_array,object_path=,source_path=,flags={},num_aliases=1,component=)
.rodata@52c545(size_without_padding=1520,padding=0,full_name=__typeid__ZTSN5blink21ImageResourceObserverE_byte_array,object_path=,source_path=,flags={},num_aliases=1,component=)
.rodata@52cb35(size_without_padding=1030,padding=0,full_name=__typeid__ZTS12KeyedService_byte_array,object_path=,source_path=,flags={},num_aliases=1,component=)
.rodata@52cf3b(size_without_padding=29674,padding=0,full_name=__typeid__ZTSN3IPC6SenderE_byte_array,object_path=,source_path=,flags={},num_aliases=1,component=)
.rodata@534325(size_without_padding=7384,padding=0,full_name=__typeid__ZTSN5blink15ScriptWrappableE_byte_array,object_path=,source_path=,flags={},num_aliases=1,component=)
.rodata@535ffd(size_without_padding=1501,padding=0,full_name=__typeid__ZTSN4base11trace_event18MemoryDumpProviderE_byte_array,object_path=,source_path=,flags={},num_aliases=1,component=)
.rodata@5365da(size_without_padding=4735,padding=0,full_name=__typeid__ZTSN5blink23MediaControlElementBaseE_byte_array,object_path=,source_path=,flags={},num_aliases=1,component=)
.rodata@537859(size_without_padding=5257,padding=0,full_name=__typeid__ZTSN5blink11EventTargetE_byte_array,object_path=,source_path=,flags={},num_aliases=1,component=)
.rodata@538ce2(size_without_padding=184,padding=0,full_name=__typeid__ZTSN5blink4NodeE_byte_array,object_path=,source_path=,flags={},num_aliases=1,component=)
.rodata@538d9a(size_without_padding=4759,padding=0,full_name=__typeid__ZTSN5blink13ContainerNodeE_byte_array,object_path=,source_path=,flags={},num_aliases=1,component=)
.rodata@53a031(size_without_padding=5237,padding=0,full_name=__typeid__ZTSN5blink7ElementE_byte_array,object_path=,source_path=,flags={},num_aliases=1,component=)
.rodata@53b4a6(size_without_padding=4830,padding=0,full_name=__typeid__ZTSN5blink10SupplementINS_8DocumentEEE_byte_array,object_path=,source_path=,flags={},num_aliases=1,component=)
.rodata@53c784(size_without_padding=588,padding=0,full_name=__typeid__ZTSN5blink13ListedElementE_byte_array,object_path=,source_path=,flags={},num_aliases=1,component=)
.rodata@53c9d0(size_without_padding=4453,padding=0,full_name=__typeid__ZTSN5blink11HTMLElementE_byte_array,object_path=,source_path=,flags={},num_aliases=1,component=)
.rodata@53db35(size_without_padding=1928,padding=0,full_name=__typeid__ZTSN5blink14FormAssociatedE_byte_array,object_path=,source_path=,flags={},num_aliases=1,component=)
.rodata@53e2bd(size_without_padding=1969,padding=0,full_name=__typeid__ZTSN7content20NotificationObserverE_byte_array,object_path=,source_path=,flags={},num_aliases=1,component=)
.rodata@53ea6e(size_without_padding=42,padding=0,full_name=__typeid__ZTSN7network5mojom16URLLoaderFactoryE_byte_array,object_path=,source_path=,flags={},num_aliases=1,component=)
.rodata@53ea98(size_without_padding=48563,padding=0,full_name=__typeid__ZTSN7network5mojom15URLLoaderClientE_byte_array,object_path=,source_path=,flags={},num_aliases=1,component=)
.rodata@54a84b(size_without_padding=1,padding=0,full_name=__typeid__ZTSN7content31BrowserChildProcessHostDelegateE_byte_array,object_path=,source_path=,flags={},num_aliases=1,component=)
.rodata@54a84c(size_without_padding=65,padding=0,full_name=__typeid__ZTSN5blink10SupplementINS_16ExecutionContextEEE_byte_array,object_path=,source_path=,flags={},num_aliases=1,component=)
.text@8b6140(size_without_padding=64,padding=0,full_name=,object_path=obj/third_party/boringssl/boringssl_asm/chacha-armv4.o,source_path=,flags={},num_aliases=1,component=)
.text@8b6180(size_without_padding=1008,padding=0,full_name=ChaCha20_ctr32,object_path=obj/third_party/boringssl/boringssl_asm/chacha-armv4.o,source_path=,flags={},num_aliases=1,component=)
.text@8b6580(size_without_padding=2204,padding=0,full_name=ChaCha20_neon,object_path=obj/third_party/boringssl/boringssl_asm/chacha-armv4.o,source_path=,flags={},num_aliases=1,component=)
.text@29da300(size_without_padding=16,padding=0,full_name=** CFI jump table,object_path=,source_path=,flags={},num_aliases=1,component=)
.text@29da310(size_without_padding=40,padding=0,full_name=** CFI jump table,object_path=,source_path=,flags={},num_aliases=1,component=)
.text@29da340(size_without_padding=8,padding=0,full_name=** CFI jump table,object_path=,source_path=,flags={},num_aliases=1,component=)
.text@29da350(size_without_padding=5,padding=0,full_name=main,object_path=,source_path=,flags={},num_aliases=1,component=)
.text@2a59fb0(size_without_padding=24,padding=0,full_name=base::internal::DestructorAtExitLazyInstanceTraits<ChromeContentGpuClient>::New(void*),object_path=,source_path=,flags={},num_aliases=1,component=)
.text@2a59fd0(size_without_padding=31,padding=0,full_name=base::LazyInstance<ChromeContentGpuClient, base::internal::DestructorAtExitLazyInstanceTraits<ChromeContentGpuClient> >::OnExit(void*),object_path=,source_path=,flags={},num_aliases=1,component=)
.text@2a59ff0(size_without_padding=24,padding=0,full_name=base::internal::DestructorAtExitLazyInstanceTraits<ChromeContentRendererClient>::New(void*),object_path=,source_path=,flags={},num_aliases=1,component=)
.text@2a5a010(size_without_padding=31,padding=0,full_name=base::LazyInstance<ChromeContentRendererClient, base::internal::DestructorAtExitLazyInstanceTraits<ChromeContentRendererClient> >::OnExit(void*),object_path=,source_path=,flags={},num_aliases=1,component=)
.text@2a5a030(size_without_padding=24,padding=0,full_name=base::internal::DestructorAtExitLazyInstanceTraits<ChromeContentUtilityClient>::New(void*),object_path=,source_path=,flags={},num_aliases=1,component=)
.data.rel.ro@3255000(size_without_padding=60,padding=0,full_name=fft_tab_vfp,object_path=obj/third_party/ffmpeg/libffmpeg_internal.a(ffmpeg_internal/fft_vfp.o),source_path=,flags={},num_aliases=1,component=)
.data.rel.ro@325503c(size_without_padding=60,padding=0,full_name=fft_tab_neon,object_path=obj/third_party/ffmpeg/libffmpeg_internal.a(ffmpeg_internal/fft_neon.o),source_path=,flags={},num_aliases=1,component=)
.data.rel.ro@325e5c0(size_without_padding=28,padding=0,full_name=vtable for content::BackgroundSyncContextImpl,object_path=,source_path=,flags={},num_aliases=1,component=)
.data.rel.ro@325e5e0(size_without_padding=24,padding=0,full_name=vtable for content::BackgroundSyncContext,object_path=,source_path=,flags={},num_aliases=1,component=)
.data.rel.ro@325e600(size_without_padding=100,padding=0,full_name=vtable for content::BackgroundSyncManager,object_path=,source_path=,flags={},num_aliases=1,component=)
.data.rel.ro@326e3a0(size_without_padding=20,padding=0,full_name=_ZTVN12v8_inspector12_GLOBAL__N_120HeapSnapshotProgressE$5c43413d323f2f7febefe6cf2f4ba25c,object_path=,source_path=,flags={},num_aliases=1,component=)
.data.rel.ro@923d5e0(size_without_padding=16,padding=0,full_name=.L__unnamed_1426,object_path=,source_path=,flags={},num_aliases=1,component=)
.data.rel.ro@923d5f0(size_without_padding=120,padding=0,full_name=vtable for media::ClearKeyProperties,object_path=,source_path=,flags={},num_aliases=1,component=)
.data.rel.ro@923d690(size_without_padding=120,padding=0,full_name=vtable for cdm::ExternalClearKeyProperties,object_path=,source_path=,flags={},num_aliases=1,component=)
