     174       13 (1) -------- .interp
     174       13 (2) -------- <internal>:(.interp)
     188   1E2678 (1) -------- .ARM.exidx
     188        8 (2) -------- obj/third_party/breakpad/libclient.a(client/breakpad_getcontext.o):(.ARM.exidx)
     190        8 (2) -------- ../../third_party/android_ndk/sources/cxx-stl/llvm-libc++/libs/armeabi-v7a/libc++_static.a(chrono.o):(.ARM.exidx.text.__clang_call_terminate)
     198        8 (2) -------- ../../third_party/android_ndk/sources/cxx-stl/llvm-libc++/libs/armeabi-v7a/libc++_static.a(chrono.o):(.ARM.exidx.text._ZNSt6__ndk16chrono12steady_clock3nowEv)
     1A0        8 (2) -------- ../../third_party/android_ndk/sources/cxx-stl/llvm-libc++/libs/armeabi-v7a/libc++_static.a(exception.o):(.ARM.exidx.text._ZSt18uncaught_exceptionv)
    2340        8 (2) -------- lto.tmp:(.ARM.exidx.text._ZN5media18CdmPromiseTemplateIJEE26RejectPromiseOnDestructionEv)
    2348        8 (2) -------- lto.tmp:(.ARM.exidx.text._ZN5media18CdmPromiseTemplateIJEED2Ev)
  1E2800     1870 (1) -------- .dynsym
  1E2800     1870 (2) -------- <internal>:(.dynsym)
  1E4070      30E (1) -------- .gnu.version
  1E4070      30E (2) -------- <internal>:(.gnu.version)
  1E4380       60 (1) -------- .gnu.version_r
  1E4380       60 (2) -------- <internal>:(.gnu.version_r)
  1E43E0       1C (1) -------- .gnu.hash
  1E43E0       1C (2) -------- <internal>:(.gnu.hash)
  1E43FC      F6B (1) -------- .dynstr
  1E43FC      F6B (2) -------- <internal>:(.dynstr)
  1E5368    2D1D5 (1) -------- .rel.dyn
  1E5368    2D1D5 (2) -------- <internal>:(.rel.dyn)
  212540      BD8 (1) -------- .rel.plt
  212540      BD8 (2) -------- <internal>:(.rel.plt)
  213118       1C (1) -------- .note.crashpad.info
  213118       1C (2) -------- obj/third_party/crashpad/crashpad/client/libclient.a(client/crashpad_info_note.o):(.note.crashpad.info)
  213118       1C (3)        C CRASHPAD_NOTE
  213124        0 (3)        9 name
  21312D        0 (3)        3 name_end
  213130        0 (3)        4 desc
  213134        0 (3)        0 desc_end
  213134       98 (1) -------- .note.android.ident
  213134       98 (2) -------- ../../third_party/android_ndk/platforms/android-16/arch-arm/usr/lib/crtbegin_so.o:(.note.android.ident)
  213134       98 (3)        C note_android_ident
  213140        0 (3)        8 note_name
  213148        0 (3)        4 note_data
  21314C        0 (3)       40 ndk_version
  21318C        0 (3)       40 ndk_build_number
  2131CC        0 (3)        0 note_end
  2131CC       24 (1) -------- .note.gnu.build-id
  2131CC       24 (2) -------- <internal>:(.note.gnu.build-id)
  213200   611E4B (1) -------- .rodata
  213200        4 (2) -------- obj/v8/v8_external_snapshot/embedded.o:(.rodata)
  213200        0 (3)        4 v8_Default_embedded_blob_size_
  213210       20 (2) -------- obj/third_party/ffmpeg/libffmpeg_internal.a(ffmpeg_internal/fft_neon.o):(.rodata)
  213210       10 (3)       10 pmmp
  213220       10 (3)       10 mppm
  213230      180 (2) -------- ../../third_party/android_ndk/sources/cxx-stl/llvm-libc++/libs/armeabi-v7a/libc++_static.a(hash.o):(.rodata)
  213230       C0 (3)       C0 std::__ndk1::(anonymous namespace)::small_primes
  2132F0       C0 (3)       C0 std::__ndk1::(anonymous namespace)::indices
  2133B0       D1 (2) -------- ../../third_party/android_ndk/sources/cxx-stl/llvm-libc++/libs/armeabi-v7a/libc++_static.a(ios.o):(.rodata)
  2133B0        4 (3)        4 std::__ndk1::ios_base::boolalpha
  2133B4        4 (3)        4 std::__ndk1::ios_base::dec
  2133B8        4 (3)        4 std::__ndk1::ios_base::fixed
  2133BC        4 (3)        4 std::__ndk1::ios_base::hex
  2133C0        4 (3)        4 std::__ndk1::ios_base::internal
  2133C4        4 (3)        4 std::__ndk1::ios_base::left
  2133C8        4 (3)        4 std::__ndk1::ios_base::oct
  2133CC        4 (3)        4 std::__ndk1::ios_base::right
  2133D0        4 (3)        4 std::__ndk1::ios_base::scientific
  2133D4        4 (3)        4 std::__ndk1::ios_base::showbase
  2133D8        4 (3)        4 std::__ndk1::ios_base::showpoint
  2133DC        4 (3)        4 std::__ndk1::ios_base::showpos
  2133E0        4 (3)        4 std::__ndk1::ios_base::skipws
  2133E4        4 (3)        4 std::__ndk1::ios_base::unitbuf
  2133E8        4 (3)        4 std::__ndk1::ios_base::uppercase
  2133EC        4 (3)        4 std::__ndk1::ios_base::adjustfield
  2133F0        4 (3)        4 std::__ndk1::ios_base::basefield
  2133F4        4 (3)        4 std::__ndk1::ios_base::floatfield
  2133F8        4 (3)        4 std::__ndk1::ios_base::badbit
  2133FC        4 (3)        4 std::__ndk1::ios_base::eofbit
  213400        4 (3)        4 std::__ndk1::ios_base::failbit
  213404        4 (3)        4 std::__ndk1::ios_base::goodbit
  213408        4 (3)        4 std::__ndk1::ios_base::app
  21340C        4 (3)        4 std::__ndk1::ios_base::ate
  213410        4 (3)        4 std::__ndk1::ios_base::binary
  213414        4 (3)        4 std::__ndk1::ios_base::in
  213418        4 (3)        4 std::__ndk1::ios_base::out
  21341C        4 (3)        4 std::__ndk1::ios_base::trunc
  213420       1D (3)       20 typeinfo name for std::__ndk1::ios_base::failure
  213440       15 (3)       20 typeinfo name for std::__ndk1::ios_base
  213460       21 (3)       21 typeinfo name for std::__ndk1::__iostream_category
  213490       2D (2) -------- ../../third_party/android_ndk/sources/cxx-stl/llvm-libc++/libs/armeabi-v7a/libc++_static.a(ios.o):(.rodata._ZTSNSt6__ndk19basic_iosIcNS_11char_traitsIcEEEE)
  21368B   2C378E (2) -------- <internal>:(.rodata)
  4D6E20       1B (2) -------- ../../third_party/android_ndk/sources/cxx-stl/llvm-libc++/libs/armeabi-v7a/libc++_static.a(iostream.o):(.rodata._ZTSNSt6__ndk110__stdinbufIwEE)
  4D6E20       1B (3)       1B typeinfo name for std::__ndk1::__stdinbuf<wchar_t>
  4D7920     266C (2) -------- <internal>:(.rodata)
  4D9F90       18 (2) -------- ../../third_party/android_ndk/sources/cxx-stl/llvm-libc++/libs/armeabi-v7a/libc++_static.a(locale.o):(.rodata._ZTSNSt6__ndk110ctype_baseE)
  4D9F90       18 (3)       18 typeinfo name for std::__ndk1::ctype_base
  4D9FB0       1A (2) -------- ../../third_party/android_ndk/sources/cxx-stl/llvm-libc++/libs/armeabi-v7a/libc++_static.a(locale.o):(.rodata._ZTSNSt6__ndk112codecvt_baseE)
  4D9FB0       1A (3)       1A typeinfo name for std::__ndk1::codecvt_base
  503EB3        1 (2) -------- thinlto-cache/Thin-84596a.tmp.o:(.rodata._ZN7network5mojom45CookieManagerProxy_SetCanonicalCookie_Message11kMessageTagE)
  503EB3        1 (3)        1 network::mojom::CookieManagerProxy_SetCanonicalCookie_Message::kMessageTag
  503EB4        1 (2) -------- thinlto-cache/Thin-84596a.tmp.o:(.rodata._ZN7network5mojom48CookieManagerProxy_DeleteCanonicalCookie_Message11kMessageTagE)
  503EB4        1 (3)        1 network::mojom::CookieManagerProxy_DeleteCanonicalCookie_Message::kMessageTag
  82504C     8FFC (1) -------- .ARM.extab
  82504C       40 (2) -------- ../../third_party/android_ndk/sources/cxx-stl/llvm-libc++/libs/armeabi-v7a/libc++_static.a(chrono.o):(.ARM.extab.text._ZNSt6__ndk16chrono12steady_clock3nowEv)
  825058        0 (3)       34 GCC_except_table4
  82508C       38 (2) -------- ../../third_party/android_ndk/sources/cxx-stl/llvm-libc++/libs/armeabi-v7a/libc++_static.a(hash.o):(.ARM.extab.text._ZNSt6__ndk112__next_primeEj)
  825098        0 (3)       2C GCC_except_table0
  8250C4       48 (2) -------- ../../third_party/android_ndk/sources/cxx-stl/llvm-libc++/libs/armeabi-v7a/libc++_static.a(ios.o):(.ARM.extab.text._ZNSt6__ndk18ios_base5clearEj)
  8250D0        0 (3)       3C GCC_except_table5
  82F000  251B7E8 (1) -------- .text
  82F000      CDC (2) -------- obj/third_party/boringssl/boringssl_asm/chacha-armv4.o:(.text)
  82F040      3F0 (3)      400 ChaCha20_ctr32
  82F440      89C (3)      89C ChaCha20_neon
  82FCE0     130C (2) -------- obj/third_party/boringssl/boringssl_asm/aes-armv4.o:(.text)
  82FCE0      540 (3)      540 AES_Te
  830220       60 (3)       60 aes_nohw_encrypt
  830280      1D8 (3)      1E0 _armv4_AES_encrypt
  830460        0 (3)        0 _armv4_AES_set_encrypt_key
  830460      2A0 (3)      2A0 aes_nohw_set_encrypt_key
  830700       20 (3)       20 aes_nohw_set_decrypt_key
  830720        0 (3)        0 _armv4_AES_set_enc2dec_key
  830720      124 (3)      140 AES_set_enc2dec_key
  830860      500 (3)      500 AES_Td
  830D60       60 (3)       60 aes_nohw_decrypt
  830DC0      1F8 (3)      22C _armv4_AES_decrypt
  831000      A28 (2) -------- obj/third_party/boringssl/boringssl_asm/aesv8-armx32.o:(.text)
  831040        0 (3)        0 .Lenc_key
  831040      218 (3)      220 aes_hw_set_encrypt_key
  831260       60 (3)       60 aes_hw_set_decrypt_key
  8312C0       50 (3)       60 aes_hw_encrypt
  831320       50 (3)      708 aes_hw_decrypt
  83C640   13AEE0 (2) -------- obj/v8/v8_external_snapshot/embedded.o:(.text)
  83C640        0 (3)     2E60 v8_Default_embedded_blob_data_
  83F4A0        0 (3)      320 Builtins_RecordWrite
  83F7C0        0 (3)       40 Builtins_AdaptorWithExitFrame
  83F800        0 (3)       40 Builtins_AdaptorWithBuiltinExitFrame
  83F840        0 (3)      100 Builtins_ArgumentsAdaptorTrampoline
  83F940        0 (3)      100 Builtins_CallFunction_ReceiverIsNullOrUndefined
  83FA40        0 (3)      140 Builtins_CallFunction_ReceiverIsNotNullOrUndefined
  83FB80        0 (3)      180 Builtins_CallFunction_ReceiverIsAny
  83FD00        0 (3)   137820 Builtins_CallBoundFunction
  977520       18 (2) -------- obj/third_party/blink/renderer/platform/heap/asm/asm/SaveRegisters_arm.o:(.text)
  977520        0 (3)       18 PushAllRegisters
  97C834      4DC (2) -------- obj/third_party/libvpx/libvpx_assembly_arm.a(libvpx_assembly_arm/vpx_convolve8_avg_horiz_filter_type1_neon.asm.o):(.text)
  97C834        0 (3)        0 _vpx_convolve8_avg_horiz_filter_type1_neon
  97C834      4DC (3)       14 vpx_convolve8_avg_horiz_filter_type1_neon
  97C848        0 (3)       88 start_loop_count
  97C8D0        0 (3)       20 outer_loop8_residual
  97C8F0        0 (3)       10 outer_loop_8
  97C900        0 (3)       C8 inner_loop_8
  97C9C8        0 (3)       1C end_inner_loop_8
  97C9E4        0 (3)        4 end_loops
  97C9E8        0 (3)       6C outer_loop_16
  97CA54        0 (3)      178 inner_loop_16
  97CBCC        0 (3)       3C epilog_16
  97CC08        0 (3)        4 end_loops1
  97CC0C        0 (3)       20 outer_loop4_residual
  97CC2C        0 (3)       10 outer_loop_4
  97CC3C        0 (3)       BC inner_loop_4
  97CCF8        0 (3)       10 end_inner_loop_4
  97CD08        0 (3)        8 end_func
  99CAD8       FC (2) -------- ../../third_party/android_ndk/sources/cxx-stl/llvm-libc++/libs/armeabi-v7a/libandroid_support.a(e_sinh.o):(.text.sinh)
  99CAD8       FC (3)        0 sinhl
  99CAD8       FC (3)       FC sinh
 1401788       A4 (2) -------- thinlto-cache/Thin-826b9f.tmp.o:(.text._ZNK4$_21clEP10FamilyDataPKcPS3_)
 1401788       A4 (3)       A4 $_21::operator()(FamilyData*, char const*, char const**) const
 1401820       10 (2) -------- thinlto-cache/Thin-826b9f.tmp.o:(.text.unlikely.UnlikelyFunc)
 1401820       10 (3)       10 UnlikelyFunc
 1401830       10 (3)        0 UnlikelyFunc2
 1401850       10 (2) -------- thinlto-cache/Thin-826b9f.tmp.o:(.text.startup)
 1401850       10 (3)       10 StartUpFunc
 2D4A7F0     17D0 (1) -------- .plt
 2D4A7F0     17D0 (2) -------- <internal>:(.plt)
 2D4C000    1CFC8 (1) -------- .data
 2D4C000        4 (2) -------- obj/v8/v8_external_snapshot/embedded.o:(.data)
 2D4C000        0 (3)        4 v8_Default_embedded_blob_
 2D4C004        4 (2) -------- ../../third_party/android_ndk/platforms/android-16/arch-arm/usr/lib/crtbegin_so.o:(.data)
 2D4C004        4 (3)        4 __dso_handle
 2D69000   1EB760 (1) -------- .data.rel.ro
 2D69000       3C (2) -------- obj/third_party/ffmpeg/libffmpeg_internal.a(ffmpeg_internal/fft_vfp.o):(.data.rel.ro)
 2D69000       3C (3)       3C fft_tab_vfp
 2D6903C       3C (2) -------- obj/third_party/ffmpeg/libffmpeg_internal.a(ffmpeg_internal/fft_neon.o):(.data.rel.ro)
 2D6903C       3C (3)       3C fft_tab_neon
 2D69078       40 (2) -------- ../../third_party/android_ndk/sources/cxx-stl/llvm-libc++/libs/armeabi-v7a/libc++_static.a(ios.o):(.data.rel.ro._ZTVNSt6__ndk115basic_streambufIwNS_11char_traitsIwEEEE)
 2D69078       40 (3)       40 vtable for std::__ndk1::basic_streambuf<wchar_t, std::__ndk1::char_traits<wchar_t> >
 2D690B8       28 (2) -------- ../../third_party/android_ndk/sources/cxx-stl/llvm-libc++/libs/armeabi-v7a/libc++_static.a(ios.o):(.data.rel.ro._ZTVNSt6__ndk113basic_istreamIcNS_11char_traitsIcEEEE)
 2D690B8       28 (3)       28 vtable for std::__ndk1::basic_istream<char, std::__ndk1::char_traits<char> >
 2D690E0       28 (2) -------- ../../third_party/android_ndk/sources/cxx-stl/llvm-libc++/libs/armeabi-v7a/libc++_static.a(ios.o):(.data.rel.ro._ZTVNSt6__ndk113basic_istreamIwNS_11char_traitsIwEEEE)
 2D690E0       28 (3)       28 vtable for std::__ndk1::basic_istream<wchar_t, std::__ndk1::char_traits<wchar_t> >
 2D69108       28 (2) -------- ../../third_party/android_ndk/sources/cxx-stl/llvm-libc++/libs/armeabi-v7a/libc++_static.a(ios.o):(.data.rel.ro._ZTVNSt6__ndk113basic_ostreamIcNS_11char_traitsIcEEEE)
 2D69108       28 (3)       28 vtable for std::__ndk1::basic_ostream<char, std::__ndk1::char_traits<char> >
 2D69130       28 (2) -------- ../../third_party/android_ndk/sources/cxx-stl/llvm-libc++/libs/armeabi-v7a/libc++_static.a(ios.o):(.data.rel.ro._ZTVNSt6__ndk113basic_ostreamIwNS_11char_traitsIwEEEE)
 2D69130       28 (3)       28 vtable for std::__ndk1::basic_ostream<wchar_t, std::__ndk1::char_traits<wchar_t> >
 2D69158       68 (2) -------- ../../third_party/android_ndk/sources/cxx-stl/llvm-libc++/libs/armeabi-v7a/libc++_static.a(ios.o):(.data.rel.ro)
 2D69158       24 (3)       24 vtable for std::__ndk1::__iostream_category
 2D6917C       14 (3)       14 vtable for std::__ndk1::ios_base::failure
 2D69190       10 (3)       10 vtable for std::__ndk1::ios_base
 2D691A0        C (3)        C typeinfo for std::__ndk1::ios_base::failure
 2D691AC        8 (3)        8 typeinfo for std::__ndk1::ios_base
 2D691B4        C (3)        C typeinfo for std::__ndk1::__iostream_category
 2F54760        8 (1) -------- .fini_array
 2F54760        4 (2) -------- ../../third_party/android_ndk/platforms/android-16/arch-arm/usr/lib/crtbegin_so.o:(.fini_array)
 2F54764        4 (2) -------- ../../third_party/android_ndk/platforms/android-16/arch-arm/usr/lib/crtend_so.o:(.fini_array)
 2F54768       10 (1) -------- .init_array
 2F54768        4 (2) -------- ../../third_party/android_ndk/sources/cxx-stl/llvm-libc++/libs/armeabi-v7a/libc++_static.a(iostream.o):(.init_array)
 2F5476C        4 (2) -------- ../../third_party/gvr-android-sdk/libgvr_shim_static_arm.a(base_logging.o):(.init_array)
 2F54770        4 (2) -------- ../../third_party/android_ndk/platforms/android-16/arch-arm/usr/lib/crtend_so.o:(.init_array)
 2F54774        4 (2) -------- thinlto-cache/Thin-b0997c.tmp.o:(.init_array)
 2F54778       F0 (1) -------- .dynamic
 2F54778       F0 (2) -------- <internal>:(.dynamic)
 2F54868      5AC (1) -------- .got
 2F54868      5AC (2) -------- <internal>:(.got)
 2F54E14      5F8 (1) -------- .got.plt
 2F54E14      5F8 (2) -------- <internal>:(.got.plt)
 2F56000   109F7C (1) -------- .bss
 2F56000        4 (2) -------- thinlto-cache/Thin-cfd493.tmp.o:(COMMON)
 2F56000        4 (3)        0 WebRtcSpl_CrossCorrelation
 2F56000        4 (3)        0 WebRtcSpl_CrossCorrelation
 2F56000        4 (3)        4 WebRtcSpl_CrossCorrelation
 2F56004        4 (2) -------- thinlto-cache/Thin-cfd493.tmp.o:(COMMON)
 2F56004        4 (3)        0 WebRtcSpl_DownsampleFast
 2F56004        4 (3)        0 WebRtcSpl_DownsampleFast
 2F56004        4 (3)        0 WebRtcSpl_DownsampleFast
 2F56004        4 (3)        4 WebRtcSpl_DownsampleFast
 2F56008        4 (2) -------- thinlto-cache/Thin-cfd493.tmp.o:(COMMON)
 2F56008        4 (3)        0 WebRtcSpl_MaxAbsValueW16
 2F56008        4 (3)        0 WebRtcSpl_MaxAbsValueW16
 2F56008        4 (3)        0 WebRtcSpl_MaxAbsValueW16
 2F56008        4 (3)        0 WebRtcSpl_MaxAbsValueW16
 2F56008        4 (3)        0 WebRtcSpl_MaxAbsValueW16
 2F56008        4 (3)        0 WebRtcSpl_MaxAbsValueW16
 2F56008        4 (3)        0 WebRtcSpl_MaxAbsValueW16
 2F56008        4 (3)        0 WebRtcSpl_MaxAbsValueW16
 2F56008        4 (3)        0 WebRtcSpl_MaxAbsValueW16
 2F56008        4 (3)        0 WebRtcSpl_MaxAbsValueW16
 2F56008        4 (3)        4 WebRtcSpl_MaxAbsValueW16
 34BE000       34 (1) -------- vr_partition
 34BE000       34 (2) -------- <internal>:(vr_partition)
 34BE034      140 (1) -------- .phdrs
 34BE034      140 (2) -------- <internal>:(.phdrs)
 34BE174       13 (1) -------- .interp
 34BE174       13 (2) -------- <internal>:(.interp)
 34BE188       1C (1) -------- .note.crashpad.info
 34BE188       1C (2) -------- obj/third_party/crashpad/crashpad/client/libclient.a(client/crashpad_info_note.o):(.note.crashpad.info)
 34BE1A4       98 (1) -------- .note.android.ident
 34BE1A4       98 (2) -------- ../../third_party/android_ndk/platforms/android-16/arch-arm/usr/lib/crtbegin_so.o:(.note.android.ident)
 34BE23C       24 (1) -------- .note.gnu.build-id
 34BE23C       24 (2) -------- <internal>:(.note.gnu.build-id)
 34BE260       20 (1) -------- .dynsym
 34BE260       20 (2) -------- <internal>:(.dynsym)
 34BE280        4 (1) -------- .gnu.version
 34BE280        4 (2) -------- <internal>:(.gnu.version)
 34BE284       60 (1) -------- .gnu.version_r
 34BE284       60 (2) -------- <internal>:(.gnu.version_r)
 34BE2E4       1C (1) -------- .gnu.hash
 34BE2E4       1C (2) -------- <internal>:(.gnu.hash)
 34BE300       6C (1) -------- .dynstr
 34BE300       6C (2) -------- <internal>:(.dynstr)
 34BE36C      257 (1) -------- .rel.dyn
 34BE36C      257 (2) -------- <internal>:(.rel.dyn)
 34BE5C4       10 (1) -------- .ARM.exidx
 34BE5C4       10 (2) -------- <internal>:(.ARM.exidx)
 34BE5D8     2428 (1) -------- .rodata
 34BE5D8       10 (2) -------- thinlto-cache/Thin-5e976b.tmp.o:(.rodata._ZN2vrL17kRepositionIconIdE)
 34BE5D8       10 (3)       10 vr::kRepositionIconId
 34C0A00    2C9EC (1) -------- .text
 34C0A00       18 (2) -------- thinlto-cache/Thin-ec84a4.tmp.o:(.text._ZN6SkFont7setSizeEf)
 34C0A00       18 (3)       18 SkFont::setSize(float)
       0     1000 (1) -------- .part.end
       0     1000 (2) -------- <internal>:(.part.end)
       0       23 (1) -------- .ARM.attributes
       0       23 (2) -------- obj/third_party/boringssl/boringssl_asm/chacha-armv4.o:(.ARM.attributes)
       0       A8 (1) -------- .comment
       0       A8 (2) -------- <internal>:(.comment)
       0  11C3610 (1) -------- .symtab
       0  11C3610 (2) -------- <internal>:(.symtab)
       0      1C4 (1) -------- .shstrtab
       0      1C4 (2) -------- <internal>:(.shstrtab)
       0  2F73332 (1) -------- .strtab
       0  2F73332 (2) -------- <internal>:(.strtab)
       0        0 (1) -------- PROVIDE_HIDDEN ( linker_script_start_of_text = ADDR ( .text ) )
       0        0 (1) -------- PROVIDE_HIDDEN ( linker_script_end_of_text = ADDR ( .text ) + SIZEOF ( .text ) )
